nohup: ignoring input
[7m>>>   Finalizing host directory[27m
[7m>>>   Finalizing target directory[27m
mkdir -p /workspaces/LabSisop-2026-2/buildroot/output/host/etc/meson
sed -e "s%@TARGET_CFLAGS@%'-D_LARGEFILE_SOURCE', '-D_LARGEFILE64_SOURCE', '-D_FILE_OFFSET_BITS=64', '-Os', '-g0'@PKG_TARGET_CFLAGS@%g" -e "s%@TARGET_LDFLAGS@%@PKG_TARGET_LDFLAGS@%g" -e "s%@TARGET_CXXFLAGS@%'-D_LARGEFILE_SOURCE', '-D_LARGEFILE64_SOURCE', '-D_FILE_OFFSET_BITS=64', '-Os', '-g0'@PKG_TARGET_CXXFLAGS@%g"         -e "s%@TARGET_CC@%/workspaces/LabSisop-2026-2/buildroot/output/host/bin/i686-buildroot-linux-uclibc-gcc%g" -e "s%@TARGET_CXX@%/workspaces/LabSisop-2026-2/buildroot/output/host/bin/i686-buildroot-linux-uclibc-g++%g" -e "s%@TARGET_AR@%/workspaces/LabSisop-2026-2/buildroot/output/host/bin/i686-buildroot-linux-uclibc-gcc-ar%g" -e "s%@TARGET_STRIP@%/workspaces/LabSisop-2026-2/buildroot/output/host/bin/i686-buildroot-linux-uclibc-strip%g" -e "s%@TARGET_ARCH@%x86%g" -e "s%@TARGET_CPU@%%g" -e "s%@TARGET_ENDIAN@%little%g" -e "s%@TARGET_CFLAGS@%%g" -e "s%@TARGET_LDFLAGS@%%g" -e "s%@TARGET_CXXFLAGS@%%g" -e "s%@PKGCONF_HOST_BINARY@%/workspaces/LabSisop-2026-2/buildroot/output/host/bin/pkgconf%g" -e "s%@STAGING_DIR@%/workspaces/LabSisop-2026-2/buildroot/output/host/i686-buildroot-linux-uclibc/sysroot%g" -e "s%@STATIC@%false%g" /workspaces/LabSisop-2026-2/buildroot/support/misc/cross-compilation.conf.in > /workspaces/LabSisop-2026-2/buildroot/output/host/etc/meson/cross-compilation.conf.in
sed         -e "s%@TARGET_CC@%/workspaces/LabSisop-2026-2/buildroot/output/host/bin/i686-buildroot-linux-uclibc-gcc%g" -e "s%@TARGET_CXX@%/workspaces/LabSisop-2026-2/buildroot/output/host/bin/i686-buildroot-linux-uclibc-g++%g" -e "s%@TARGET_AR@%/workspaces/LabSisop-2026-2/buildroot/output/host/bin/i686-buildroot-linux-uclibc-gcc-ar%g" -e "s%@TARGET_STRIP@%/workspaces/LabSisop-2026-2/buildroot/output/host/bin/i686-buildroot-linux-uclibc-strip%g" -e "s%@TARGET_ARCH@%x86%g" -e "s%@TARGET_CPU@%%g" -e "s%@TARGET_ENDIAN@%little%g" -e "s%@TARGET_CFLAGS@%'-D_LARGEFILE_SOURCE', '-D_LARGEFILE64_SOURCE', '-D_FILE_OFFSET_BITS=64', '-Os', '-g0'%g" -e "s%@TARGET_LDFLAGS@%%g" -e "s%@TARGET_CXXFLAGS@%'-D_LARGEFILE_SOURCE', '-D_LARGEFILE64_SOURCE', '-D_FILE_OFFSET_BITS=64', '-Os', '-g0'%g" -e "s%@PKGCONF_HOST_BINARY@%/workspaces/LabSisop-2026-2/buildroot/output/host/bin/pkgconf%g" -e "s%@STAGING_DIR@%/workspaces/LabSisop-2026-2/buildroot/output/host/i686-buildroot-linux-uclibc/sysroot%g" -e "s%@STATIC@%false%g" /workspaces/LabSisop-2026-2/buildroot/support/misc/cross-compilation.conf.in > /workspaces/LabSisop-2026-2/buildroot/output/host/etc/meson/cross-compilation.conf
/usr/bin/sed -i -e '/# GENERIC_SERIAL$/s~^.*#~console::respawn:/sbin/getty -L  console 0 vt100 #~' /workspaces/LabSisop-2026-2/buildroot/output/target/etc/inittab
/usr/bin/sed -i -e '/^#.*-o remount,rw \/$/s~^#\+~~' /workspaces/LabSisop-2026-2/buildroot/output/target/etc/inittab
if grep -q CONFIG_ASH=y /workspaces/LabSisop-2026-2/buildroot/output/build/busybox-1.35.0/.config; then grep -qsE '^/bin/ash$' /workspaces/LabSisop-2026-2/buildroot/output/target/etc/shells || echo "/bin/ash" >> /workspaces/LabSisop-2026-2/buildroot/output/target/etc/shells; fi
if grep -q CONFIG_HUSH=y /workspaces/LabSisop-2026-2/buildroot/output/build/busybox-1.35.0/.config; then grep -qsE '^/bin/hush$' /workspaces/LabSisop-2026-2/buildroot/output/target/etc/shells || echo "/bin/hush" >> /workspaces/LabSisop-2026-2/buildroot/output/target/etc/shells; fi
mkdir -p /workspaces/LabSisop-2026-2/buildroot/output/target/etc
echo "buildroot" > /workspaces/LabSisop-2026-2/buildroot/output/target/etc/hostname
/usr/bin/sed -i -e '$a \127.0.1.1\tbuildroot' -e '/^127.0.1.1/d' /workspaces/LabSisop-2026-2/buildroot/output/target/etc/hosts
mkdir -p /workspaces/LabSisop-2026-2/buildroot/output/target/etc
echo "Welcome to Buildroot" > /workspaces/LabSisop-2026-2/buildroot/output/target/etc/issue
/usr/bin/sed -i -e s,^root:[^:]*:,root::, /workspaces/LabSisop-2026-2/buildroot/output/target/etc/shadow
grep -qsE '^/bin/sh$' /workspaces/LabSisop-2026-2/buildroot/output/target/etc/shells || echo "/bin/sh" >> /workspaces/LabSisop-2026-2/buildroot/output/target/etc/shells
if [ -x /workspaces/LabSisop-2026-2/buildroot/output/target/sbin/swapon -a -x /workspaces/LabSisop-2026-2/buildroot/output/target/sbin/swapoff ]; then /usr/bin/sed -i -e '/^#.*\/sbin\/swap/s/^#\+[[:blank:]]*//' /workspaces/LabSisop-2026-2/buildroot/output/target/etc/inittab; else /usr/bin/sed -i -e '/^[^#].*\/sbin\/swap/s/^/#/' /workspaces/LabSisop-2026-2/buildroot/output/target/etc/inittab; fi
if test -d /workspaces/LabSisop-2026-2/buildroot/output/target/lib/modules/`MAKEFLAGS='' /usr/bin/make -j5 HOSTCC="/usr/bin/gcc -O2 -I/workspaces/LabSisop-2026-2/buildroot/output/host/include -L/workspaces/LabSisop-2026-2/buildroot/output/host/lib -Wl,-rpath,/workspaces/LabSisop-2026-2/buildroot/output/host/lib" ARCH=i386 INSTALL_MOD_PATH=/workspaces/LabSisop-2026-2/buildroot/output/target CROSS_COMPILE="/workspaces/LabSisop-2026-2/buildroot/output/host/bin/i686-buildroot-linux-uclibc-" DEPMOD=/workspaces/LabSisop-2026-2/buildroot/output/host/sbin/depmod INSTALL_MOD_STRIP=1 -C /workspaces/LabSisop-2026-2/buildroot/output/build/linux-5.15.18 --no-print-directory -s kernelrelease 2>/dev/null` && grep -q "CONFIG_MODULES=y" /workspaces/LabSisop-2026-2/buildroot/output/build/linux-5.15.18/.config; then /workspaces/LabSisop-2026-2/buildroot/output/host/sbin/depmod -a -b /workspaces/LabSisop-2026-2/buildroot/output/target `MAKEFLAGS='' /usr/bin/make -j5 HOSTCC="/usr/bin/gcc -O2 -I/workspaces/LabSisop-2026-2/buildroot/output/host/include -L/workspaces/LabSisop-2026-2/buildroot/output/host/lib -Wl,-rpath,/workspaces/LabSisop-2026-2/buildroot/output/host/lib" ARCH=i386 INSTALL_MOD_PATH=/workspaces/LabSisop-2026-2/buildroot/output/target CROSS_COMPILE="/workspaces/LabSisop-2026-2/buildroot/output/host/bin/i686-buildroot-linux-uclibc-" DEPMOD=/workspaces/LabSisop-2026-2/buildroot/output/host/sbin/depmod INSTALL_MOD_STRIP=1 -C /workspaces/LabSisop-2026-2/buildroot/output/build/linux-5.15.18 --no-print-directory -s kernelrelease 2>/dev/null`; fi
printf '%s\n' C en_US locale-archive > /workspaces/LabSisop-2026-2/buildroot/output/build/locales.nopurge
for dir in /workspaces/LabSisop-2026-2/buildroot/output/target/usr/share/locale /workspaces/LabSisop-2026-2/buildroot/output/target/usr/share/X11/locale /workspaces/LabSisop-2026-2/buildroot/output/target/usr/lib/locale; do if [ ! -d $dir ]; then continue; fi; for langdir in $dir/*; do if [ -e "${langdir}" ]; then grep -qx "${langdir##*/}" /workspaces/LabSisop-2026-2/buildroot/output/build/locales.nopurge || rm -rf $langdir; fi done; done
if [ -d /workspaces/LabSisop-2026-2/buildroot/output/target/usr/share/X11/locale ]; then for lang in C en_US; do if [ -f /workspaces/LabSisop-2026-2/buildroot/output/target/usr/share/X11/locale/$lang/XLC_LOCALE ]; then echo "$lang/XLC_LOCALE: $lang"; fi done > /workspaces/LabSisop-2026-2/buildroot/output/target/usr/share/X11/locale/locale.dir; fi
rm -rf /workspaces/LabSisop-2026-2/buildroot/output/target/usr/include /workspaces/LabSisop-2026-2/buildroot/output/target/usr/share/aclocal \
	/workspaces/LabSisop-2026-2/buildroot/output/target/usr/lib/pkgconfig /workspaces/LabSisop-2026-2/buildroot/output/target/usr/share/pkgconfig \
	/workspaces/LabSisop-2026-2/buildroot/output/target/usr/lib/cmake /workspaces/LabSisop-2026-2/buildroot/output/target/usr/share/cmake \
	/workspaces/LabSisop-2026-2/buildroot/output/target/usr/doc
find /workspaces/LabSisop-2026-2/buildroot/output/target/usr/{lib,share}/ -name '*.cmake' -print0 | xargs -0 rm -f
find /workspaces/LabSisop-2026-2/buildroot/output/target/lib/ /workspaces/LabSisop-2026-2/buildroot/output/target/usr/lib/ /workspaces/LabSisop-2026-2/buildroot/output/target/usr/libexec/ \
	\( -name '*.a' -o -name '*.la' -o -name '*.prl' \) -print0 | xargs -0 rm -f
find: ‘/workspaces/LabSisop-2026-2/buildroot/output/target/usr/libexec/’: No such file or directory
rm -rf /workspaces/LabSisop-2026-2/buildroot/output/target/usr/share/gdb
rm -rf /workspaces/LabSisop-2026-2/buildroot/output/target/usr/share/bash-completion
rm -rf /workspaces/LabSisop-2026-2/buildroot/output/target/etc/bash_completion.d
rm -rf /workspaces/LabSisop-2026-2/buildroot/output/target/usr/share/zsh
rm -rf /workspaces/LabSisop-2026-2/buildroot/output/target/usr/man /workspaces/LabSisop-2026-2/buildroot/output/target/usr/share/man
rm -rf /workspaces/LabSisop-2026-2/buildroot/output/target/usr/info /workspaces/LabSisop-2026-2/buildroot/output/target/usr/share/info
rm -rf /workspaces/LabSisop-2026-2/buildroot/output/target/usr/doc /workspaces/LabSisop-2026-2/buildroot/output/target/usr/share/doc
rm -rf /workspaces/LabSisop-2026-2/buildroot/output/target/usr/share/gtk-doc
rmdir /workspaces/LabSisop-2026-2/buildroot/output/target/usr/share 2>/dev/null || true
rm -rf /workspaces/LabSisop-2026-2/buildroot/output/target/lib/debug /workspaces/LabSisop-2026-2/buildroot/output/target/usr/lib/debug
find /workspaces/LabSisop-2026-2/buildroot/output/target   -type f \( -perm /111 -o -name '*.so*' \) -not \( -name 'libpthread*.so*' -o -name 'ld-*.so*' -o -name '*.ko' \) -print0 | xargs -0 /workspaces/LabSisop-2026-2/buildroot/output/host/bin/i686-buildroot-linux-uclibc-strip --remove-section=.comment --remove-section=.note 2>/dev/null || true
find /workspaces/LabSisop-2026-2/buildroot/output/target   \( -name 'ld-*.so*' -o -name 'libpthread*.so*' \) -print0 | xargs -0 -r /workspaces/LabSisop-2026-2/buildroot/output/host/bin/i686-buildroot-linux-uclibc-strip --remove-section=.comment --remove-section=.note --strip-debug 2>/dev/null || true
test -f /workspaces/LabSisop-2026-2/buildroot/output/target/etc/ld.so.conf && \
	{ echo "ERROR: we shouldn't have a /etc/ld.so.conf file"; exit 1; } || true
test -d /workspaces/LabSisop-2026-2/buildroot/output/target/etc/ld.so.conf.d && \
	{ echo "ERROR: we shouldn't have a /etc/ld.so.conf.d directory"; exit 1; } || true
mkdir -p /workspaces/LabSisop-2026-2/buildroot/output/target/etc
( \
	echo "NAME=Buildroot"; \
	echo "VERSION=-g370e667b"; \
	echo "ID=buildroot"; \
	echo "VERSION_ID=2022.02"; \
	echo "PRETTY_NAME=\"Buildroot 2022.02\"" \
) >  /workspaces/LabSisop-2026-2/buildroot/output/target/usr/lib/os-release
ln -sf ../usr/lib/os-release /workspaces/LabSisop-2026-2/buildroot/output/target/etc
[7m>>>   Sanitizing RPATH in target tree[27m
PER_PACKAGE_DIR=/workspaces/LabSisop-2026-2/buildroot/output/per-package /workspaces/LabSisop-2026-2/buildroot/support/scripts/fix-rpath target
[7m>>>   Executing post-build script board/qemu/x86/post-build.sh[27m
touch /workspaces/LabSisop-2026-2/buildroot/output/target/usr
[7m>>>   Generating root filesystems common tables[27m
rm -rf /workspaces/LabSisop-2026-2/buildroot/output/build/buildroot-fs
mkdir -p /workspaces/LabSisop-2026-2/buildroot/output/build/buildroot-fs
printf '   \n' >> /workspaces/LabSisop-2026-2/buildroot/output/build/buildroot-fs/full_users_table.txt
printf '   	/bin/busybox                     f 4755 0  0 - - - - -\n\n' > /workspaces/LabSisop-2026-2/buildroot/output/build/buildroot-fs/full_devices_table.txt
cat system/device_table.txt >> /workspaces/LabSisop-2026-2/buildroot/output/build/buildroot-fs/full_devices_table.txt
[7m>>>   Generating filesystem image rootfs.ext2[27m
mkdir -p /workspaces/LabSisop-2026-2/buildroot/output/images
rm -rf /workspaces/LabSisop-2026-2/buildroot/output/build/buildroot-fs/ext2
mkdir -p /workspaces/LabSisop-2026-2/buildroot/output/build/buildroot-fs/ext2
rsync -auH --exclude=/THIS_IS_NOT_YOUR_ROOT_FILESYSTEM /workspaces/LabSisop-2026-2/buildroot/output/target/ /workspaces/LabSisop-2026-2/buildroot/output/build/buildroot-fs/ext2/target
echo '#!/bin/sh' > /workspaces/LabSisop-2026-2/buildroot/output/build/buildroot-fs/ext2/fakeroot
echo "set -e" >> /workspaces/LabSisop-2026-2/buildroot/output/build/buildroot-fs/ext2/fakeroot
echo "chown -h -R 0:0 /workspaces/LabSisop-2026-2/buildroot/output/build/buildroot-fs/ext2/target" >> /workspaces/LabSisop-2026-2/buildroot/output/build/buildroot-fs/ext2/fakeroot
PATH="/workspaces/LabSisop-2026-2/buildroot/output/host/bin:/workspaces/LabSisop-2026-2/buildroot/output/host/sbin:/usr/local/rvm/gems/ruby-3.4.7/bin:/usr/local/rvm/gems/ruby-3.4.7@global/bin:/usr/local/rvm/rubies/ruby-3.4.7/bin:/vscode/bin/linux-x64/a5b500951314efd502d07465bd138dfbd714a960/bin/remote-cli:/home/codespace/.local/bin:/home/codespace/.dotnet:/home/codespace/nvm/current/bin:/home/codespace/.php/current/bin:/home/codespace/.python/current/bin:/home/codespace/java/current/bin:/home/codespace/.ruby/current/bin:/home/codespace/.local/bin:/usr/local/python/current/bin:/usr/local/py-utils/bin:/usr/local/jupyter:/usr/local/oryx:/usr/local/go/bin:/go/bin:/usr/local/sdkman/bin:/usr/local/sdkman/candidates/java/current/bin:/usr/local/sdkman/candidates/gradle/current/bin:/usr/local/sdkman/candidates/maven/current/bin:/usr/local/sdkman/candidates/ant/current/bin:/usr/local/rvm/gems/default/bin:/usr/local/rvm/gems/default@global/bin:/usr/local/rvm/rubies/default/bin:/usr/local/share/rbenv/bin:/usr/local/php/current/bin:/opt/conda/bin:/usr/local/nvs:/usr/local/share/nvm/versions/node/v24.14.0/bin:/usr/local/hugo/bin:/usr/local/sbin:/usr/local/bin:/usr/sbin:/usr/bin:/sbin:/bin:/usr/share/dotnet:/home/codespace/.dotnet/tools:/usr/local/rvm/bin" /workspaces/LabSisop-2026-2/buildroot/support/scripts/mkusers /workspaces/LabSisop-2026-2/buildroot/output/build/buildroot-fs/full_users_table.txt /workspaces/LabSisop-2026-2/buildroot/output/build/buildroot-fs/ext2/target >> /workspaces/LabSisop-2026-2/buildroot/output/build/buildroot-fs/ext2/fakeroot
echo "/workspaces/LabSisop-2026-2/buildroot/output/host/bin/makedevs -d /workspaces/LabSisop-2026-2/buildroot/output/build/buildroot-fs/full_devices_table.txt /workspaces/LabSisop-2026-2/buildroot/output/build/buildroot-fs/ext2/target" >> /workspaces/LabSisop-2026-2/buildroot/output/build/buildroot-fs/ext2/fakeroot
echo "rm -rf /workspaces/LabSisop-2026-2/buildroot/output/build/buildroot-fs/ext2/target/run/* /workspaces/LabSisop-2026-2/buildroot/output/build/buildroot-fs/ext2/target/run/.[^.]* /workspaces/LabSisop-2026-2/buildroot/output/build/buildroot-fs/ext2/target/tmp/* /workspaces/LabSisop-2026-2/buildroot/output/build/buildroot-fs/ext2/target/tmp/.[^.]*" >> /workspaces/LabSisop-2026-2/buildroot/output/build/buildroot-fs/ext2/fakeroot
printf '   \n' >> /workspaces/LabSisop-2026-2/buildroot/output/build/buildroot-fs/ext2/fakeroot
printf '   \n' >> /workspaces/LabSisop-2026-2/buildroot/output/build/buildroot-fs/ext2/fakeroot
printf '   	rm -f /workspaces/LabSisop-2026-2/buildroot/output/images/rootfs.ext2\n	/workspaces/LabSisop-2026-2/buildroot/output/host/sbin/mkfs.ext2 -d /workspaces/LabSisop-2026-2/buildroot/output/build/buildroot-fs/ext2/target -r 1 -N 0 -m 5 -L "rootfs" -O ^64bit /workspaces/LabSisop-2026-2/buildroot/output/images/rootfs.ext2 "60M" || { ret=$?; echo "*** Maybe you need to increase the filesystem size (BR2_TARGET_ROOTFS_EXT2_SIZE)" 1>&2; exit $ret; }\n' >> /workspaces/LabSisop-2026-2/buildroot/output/build/buildroot-fs/ext2/fakeroot
chmod a+x /workspaces/LabSisop-2026-2/buildroot/output/build/buildroot-fs/ext2/fakeroot
PATH="/workspaces/LabSisop-2026-2/buildroot/output/host/bin:/workspaces/LabSisop-2026-2/buildroot/output/host/sbin:/usr/local/rvm/gems/ruby-3.4.7/bin:/usr/local/rvm/gems/ruby-3.4.7@global/bin:/usr/local/rvm/rubies/ruby-3.4.7/bin:/vscode/bin/linux-x64/a5b500951314efd502d07465bd138dfbd714a960/bin/remote-cli:/home/codespace/.local/bin:/home/codespace/.dotnet:/home/codespace/nvm/current/bin:/home/codespace/.php/current/bin:/home/codespace/.python/current/bin:/home/codespace/java/current/bin:/home/codespace/.ruby/current/bin:/home/codespace/.local/bin:/usr/local/python/current/bin:/usr/local/py-utils/bin:/usr/local/jupyter:/usr/local/oryx:/usr/local/go/bin:/go/bin:/usr/local/sdkman/bin:/usr/local/sdkman/candidates/java/current/bin:/usr/local/sdkman/candidates/gradle/current/bin:/usr/local/sdkman/candidates/maven/current/bin:/usr/local/sdkman/candidates/ant/current/bin:/usr/local/rvm/gems/default/bin:/usr/local/rvm/gems/default@global/bin:/usr/local/rvm/rubies/default/bin:/usr/local/share/rbenv/bin:/usr/local/php/current/bin:/opt/conda/bin:/usr/local/nvs:/usr/local/share/nvm/versions/node/v24.14.0/bin:/usr/local/hugo/bin:/usr/local/sbin:/usr/local/bin:/usr/sbin:/usr/bin:/sbin:/bin:/usr/share/dotnet:/home/codespace/.dotnet/tools:/usr/local/rvm/bin" FAKEROOTDONTTRYCHOWN=1 /workspaces/LabSisop-2026-2/buildroot/output/host/bin/fakeroot -- /workspaces/LabSisop-2026-2/buildroot/output/build/buildroot-fs/ext2/fakeroot
rootdir=/workspaces/LabSisop-2026-2/buildroot/output/build/buildroot-fs/ext2/target
table='/workspaces/LabSisop-2026-2/buildroot/output/build/buildroot-fs/full_devices_table.txt'
rm: refusing to remove '.' or '..' directory: skipping '/workspaces/LabSisop-2026-2/buildroot/output/build/buildroot-fs/ext2/target/run/..'
rm: refusing to remove '.' or '..' directory: skipping '/workspaces/LabSisop-2026-2/buildroot/output/build/buildroot-fs/ext2/target/tmp/..'
make: *** [fs/ext2/ext2.mk:64: /workspaces/LabSisop-2026-2/buildroot/output/images/rootfs.ext2] Error 1
